  Γû▓ Next.js 14.2.35

   Creating an optimized production build ...
 Γ£ô Compiled successfully
   Linting and checking validity of types ...
node.exe : 
At C:\Program 
Files\nodejs\npx.ps1:29 
char:3
+   & $NODE_EXE 
$NPX_CLI_JS $args
+   ~~~~~~~~~~~~~~~~~~~~~~
~~~~~~~
    + CategoryInfo        
      : NotSpecified: (:  
  String) [], RemoteExc   
 eption
    + FullyQualifiedError 
   Id : NativeCommandErr  
  or
 
Failed to compile.

./src/app/dashboard/checki
n/page.tsx
3:20  Error: 
'useCallback' is defined 
but never used.  @typescri
pt-eslint/no-unused-vars
83:14  Error: 'error' is 
defined but never used.  @
typescript-eslint/no-unuse
d-vars

./src/app/dashboard/page.t
sx
14:10  Error: 
'getMoodConfig' is 
defined but never used.  @
typescript-eslint/no-unuse
d-vars

./src/app/login/page.tsx
41:19  Error: Unexpected 
any. Specify a different 
type.  @typescript-eslint/
no-explicit-any
64:19  Error: Unexpected 
any. Specify a different 
type.  @typescript-eslint/
no-explicit-any

./src/components/layout/bo
ttom-nav.tsx
6:40  Error: 'User' is 
defined but never used.  @
typescript-eslint/no-unuse
d-vars

./src/components/layout/na
vbar.tsx
77:17  Warning: Using 
`<img>` could result in 
slower LCP and higher 
bandwidth. Consider using 
`<Image />` from 
`next/image` to 
automatically optimize 
images. This may incur 
additional usage or cost 
from your provider. See: h
ttps://nextjs.org/docs/mes
sages/no-img-element  
@next/next/no-img-element

./src/components/reflectio
n/reflection-input.tsx
3:10  Error: 'useState' 
is defined but never 
used.  @typescript-eslint/
no-unused-vars
19:3  Error: 'mood' is 
defined but never used.  @
typescript-eslint/no-unuse
d-vars

./src/components/ui/input.
tsx
4:18  Error: An interface 
declaring no members is 
equivalent to its 
supertype.  @typescript-es
lint/no-empty-object-type

./src/components/ui/textar
ea.tsx
4:18  Error: An interface 
declaring no members is 
equivalent to its 
supertype.  @typescript-es
lint/no-empty-object-type

./src/lib/firebase/firesto
re.ts
3:3  Error: 'doc' is 
defined but never used.  @
typescript-eslint/no-unuse
d-vars

info  - Need to disable 
some ESLint rules? Learn 
more here: https://nextjs.
org/docs/basic-features/es
lint#disabling-rules
